[2026-05-11 17:00:49] [INFO   ] Proyecto: /Users/cristiancpv/Desktop/TRABAJO/OBSERVATORIO/CANARIAS EN DATOS/Presupuestos
[2026-05-11 17:00:49] [INFO   ] Pasos: extraccion -> transformacion -> modelado -> carga
[2026-05-11 17:00:49] [INFO   ] with-db=TRUE | projection=FALSE | dry-run=FALSE
[2026-05-11 17:00:49] [STEP   ] Inicio extraccion
[2026-05-11 17:00:49] [INFO   ] Iniciando extracción
[2026-05-11 17:00:49] [CACHE  ] Reutilizado raw local consulta_web.html
[2026-05-11 17:00:49] [INFO   ] Parseando capa Hacienda desde SGCIEF_2024.xlsx (anio=2024)
[2026-05-11 17:00:49] [OK     ] Parseo hacienda/2002-2026/consulta_web filas=24
[2026-05-11 17:00:49] [CACHE  ] Reutilizado raw local memoria_programas.pdf
[2026-05-11 17:01:43] [OK     ] Parseo and/2026/memoria_programas filas=88
[2026-05-11 17:01:43] [CACHE  ] Reutilizado raw local gastos_csv.csv
[2026-05-11 17:01:43] [WARN   ] dispatcher exit=1 para and/gastos_csv.csv
[2026-05-11 17:01:43] [WARN   ] Sin filas tras parseo and/2015/gastos_csv
[2026-05-11 17:01:43] [CACHE  ] Reutilizado raw local ingresos_gastos.pdf
[2026-05-11 17:02:42] [OK     ] Parseo ara/2024/ingresos_gastos filas=198
[2026-05-11 17:02:42] [CACHE  ] Reutilizado raw local tomo_I.pdf
[2026-05-11 17:03:10] [OK     ] Parseo ast/2026/tomo_I filas=104
[2026-05-11 17:03:10] [CACHE  ] Reutilizado raw local memoria_programas.html
[2026-05-11 17:03:10] [WARN   ] dispatcher exit=2 para bal/memoria_programas.html
[2026-05-11 17:03:10] [WARN   ] Sin filas tras parseo bal/2025/memoria_programas
[2026-05-11 17:03:10] [CACHE  ] Reutilizado raw local memoria_programas.pdf
[2026-05-11 17:03:27] [OK     ] Parseo can/2025/memoria_programas filas=1
[2026-05-11 17:03:27] [CACHE  ] Reutilizado raw local datos_abiertos.csv
[2026-05-11 17:03:27] [WARN   ] dispatcher exit=1 para can/datos_abiertos.csv
[2026-05-11 17:03:27] [WARN   ] Sin filas tras parseo can/2025/datos_abiertos
[2026-05-11 17:03:27] [CACHE  ] Reutilizado raw local ingresos_gastos.pdf
[2026-05-11 17:04:07] [OK     ] Parseo cnt/2025/ingresos_gastos filas=96
[2026-05-11 17:04:07] [CACHE  ] Reutilizado raw local datos_abiertos_csv.csv
[2026-05-11 17:04:07] [WARN   ] dispatcher exit=2 para cym/datos_abiertos_csv.csv
[2026-05-11 17:04:07] [WARN   ] Sin filas tras parseo cym/2026/datos_abiertos_csv
[2026-05-11 17:04:07] [CACHE  ] Reutilizado raw local tomo_I.pdf
[2026-05-11 17:04:07] [WARN   ] dispatcher exit=2 para clm/tomo_I.pdf
[2026-05-11 17:04:07] [WARN   ] Sin filas tras parseo clm/2026/tomo_I
[2026-05-11 17:04:07] [CACHE  ] Reutilizado raw local vol_p_eid.pdf
[2026-05-11 17:06:27] [OK     ] Parseo cat/2026/vol_p_eid filas=106
[2026-05-11 17:06:27] [CACHE  ] Reutilizado raw local tomo_II_EIG.pdf
[2026-05-11 17:07:14] [OK     ] Parseo ext/2025/tomo_II_EIG filas=74
[2026-05-11 17:07:14] [CACHE  ] Reutilizado raw local tomo_III_APG.pdf
[2026-05-11 17:07:40] [WARN   ] dispatcher exit=2 para ext/tomo_III_APG.pdf
[2026-05-11 17:07:40] [WARN   ] Sin filas tras parseo ext/2025/tomo_III_APG
[2026-05-11 17:07:40] [CACHE  ] Reutilizado raw local portal_index.html
[2026-05-11 17:07:40] [WARN   ] dispatcher exit=2 para gal/portal_index.html
[2026-05-11 17:07:40] [WARN   ] Sin filas tras parseo gal/2026/portal_index
[2026-05-11 17:07:40] [CACHE  ] Reutilizado raw local funcional_economico.pdf
[2026-05-11 17:07:40] [WARN   ] dispatcher exit=2 para lar/funcional_economico.pdf
[2026-05-11 17:07:40] [WARN   ] Sin filas tras parseo lar/2025/funcional_economico
[2026-05-11 17:07:40] [CACHE  ] Reutilizado raw local libro_03.pdf
[2026-05-11 17:07:40] [WARN   ] dispatcher exit=2 para mad/libro_03.pdf
[2026-05-11 17:07:40] [WARN   ] Sin filas tras parseo mad/2026/libro_03
[2026-05-11 17:07:40] [CACHE  ] Reutilizado raw local portal_movil.html
[2026-05-11 17:07:40] [WARN   ] dispatcher exit=2 para mur/portal_movil.html
[2026-05-11 17:07:40] [WARN   ] Sin filas tras parseo mur/2025/portal_movil
[2026-05-11 17:07:40] [CACHE  ] Reutilizado raw local programa_csv.csv
[2026-05-11 17:07:40] [WARN   ] dispatcher exit=2 para nav/programa_csv.csv
[2026-05-11 17:07:40] [WARN   ] Sin filas tras parseo nav/2026/programa_csv
[2026-05-11 17:07:40] [CACHE  ] Reutilizado raw local csv_tidy.csv
[2026-05-11 17:07:41] [OK     ] Parseo pvc/2025/csv_tidy filas=122
[2026-05-11 17:07:41] [CACHE  ] Reutilizado raw local tomo_II.html
[2026-05-11 17:07:41] [WARN   ] dispatcher exit=2 para val/tomo_II.html
[2026-05-11 17:07:41] [WARN   ] Sin filas tras parseo val/2025/tomo_II
[2026-05-11 17:07:41] [OK     ] Extracción terminada: 21 fuentes, 813 filas staging
[2026-05-11 17:07:41] [STEP   ] Fin extraccion
[2026-05-11 17:07:41] [STEP   ] Inicio transformacion
[2026-05-11 17:07:41] [INFO   ] Iniciando transformación
[2026-05-11 17:07:43] [INFO   ] Etiquetadas 24 filas Hacienda como concepto=total
[2026-05-11 17:07:43] [INFO   ] Transformación: asignadas=277, pendientes=536, agregadas=74
[2026-05-11 17:07:43] [INFO   ] gasto_normalizado: filas=74 | ccaa=8 | periodo=2024-2026
[2026-05-11 17:07:43] [WARN   ] gasto_normalizado: faltan CCAA en 2025: Andalucía, Aragón, Principado de Asturias, Islas Baleares, Canarias, Castilla y León, Castilla-La Mancha, Cataluña, Comunidad Valenciana, Galicia, Comunidad de Madrid, Región de Murcia, Comunidad Foral de Navarra, La Rioja
[2026-05-11 17:07:43] [WARN   ] gasto_normalizado: faltan CCAA en 2026: Aragón, Islas Baleares, Canarias, Cantabria, Castilla y León, Castilla-La Mancha, Comunidad Valenciana, Extremadura, Galicia, Comunidad de Madrid, Región de Murcia, Comunidad Foral de Navarra, País Vasco, La Rioja
[2026-05-11 17:07:43] [STEP   ] Fin transformacion
[2026-05-11 17:07:43] [STEP   ] Inicio modelado
[2026-05-11 17:07:43] [INFO   ] Iniciando modelado
[2026-05-11 17:07:43] [INFO   ] ced_presupuestos modelado: filas=10 | ccaa=8 | periodo=2024-2026
[2026-05-11 17:07:43] [WARN   ] ced_presupuestos modelado: faltan CCAA en 2025: Andalucía, Aragón, Principado de Asturias, Islas Baleares, Canarias, Castilla y León, Castilla-La Mancha, Cataluña, Comunidad Valenciana, Galicia, Comunidad de Madrid, Región de Murcia, Comunidad Foral de Navarra, La Rioja
[2026-05-11 17:07:43] [WARN   ] ced_presupuestos modelado: faltan CCAA en 2026: Aragón, Islas Baleares, Canarias, Cantabria, Castilla y León, Castilla-La Mancha, Comunidad Valenciana, Extremadura, Galicia, Comunidad de Madrid, Región de Murcia, Comunidad Foral de Navarra, País Vasco, La Rioja
[2026-05-11 17:07:43] [INFO   ] ced_presupuestos modelado: NA% por métrica -> imp_dependencia=50% | imp_direccion=30% | imp_discapacidad=50% | imp_educacion=40% | imp_empleo=30% | imp_idi=30% | imp_sanidad=40% | imp_soberania=60% | imp_total=70% | imp_turismo=40% | imp_vivienda=40% | imp_diversidad=70% | imp_igualdad=40% | imp_salud_mental=70% | pib_dependencia=50% | pib_direccion=30% | pib_discapacidad=50% | pib_educacion=40% | pib_empleo=30% | pib_idi=30% | pib_sanidad=40% | pib_soberania=60% | pib_total=70% | pib_turismo=40% | pib_vivienda=40% | pib_diversidad=70% | pib_igualdad=40% | pib_salud_mental=70% | pc_dependencia=50% | pc_direccion=30% | pc_discapacidad=50% | pc_educacion=40% | pc_empleo=30% | pc_idi=30% | pc_sanidad=40% | pc_soberania=60% | pc_total=70% | pc_turismo=40% | pc_vivienda=40% | pc_diversidad=70% | pc_igualdad=40% | pc_salud_mental=70% | var_dependencia=100% | var_direccion=100% | var_discapacidad=100% | var_educacion=100% | var_empleo=100% | var_idi=100% | var_sanidad=100% | var_soberania=100% | var_total=100% | var_turismo=100% | var_vivienda=100% | var_diversidad=100% | var_igualdad=100% | var_salud_mental=100%
[2026-05-11 17:07:43] [INFO   ] Benford: chi=6.62 p=0.5785 ok=TRUE n=63
[2026-05-11 17:07:43] [STEP   ] Fin modelado
[2026-05-11 17:07:43] [STEP   ] Inicio carga
[2026-05-11 17:07:43] [INFO   ] Iniciando carga
[2026-05-11 17:07:43] [INFO   ] ced_presupuestos carga: filas=10 | ccaa=8 | periodo=2024-2026
[2026-05-11 17:07:43] [WARN   ] ced_presupuestos carga: faltan CCAA en 2025: Andalucía, Aragón, Principado de Asturias, Islas Baleares, Canarias, Castilla y León, Castilla-La Mancha, Cataluña, Comunidad Valenciana, Galicia, Comunidad de Madrid, Región de Murcia, Comunidad Foral de Navarra, La Rioja
[2026-05-11 17:07:43] [WARN   ] ced_presupuestos carga: faltan CCAA en 2026: Aragón, Islas Baleares, Canarias, Cantabria, Castilla y León, Castilla-La Mancha, Comunidad Valenciana, Extremadura, Galicia, Comunidad de Madrid, Región de Murcia, Comunidad Foral de Navarra, País Vasco, La Rioja
[2026-05-11 17:07:43] [INFO   ] ced_presupuestos carga: NA% por métrica -> imp_dependencia=50% | imp_direccion=30% | imp_discapacidad=50% | imp_educacion=40% | imp_empleo=30% | imp_idi=30% | imp_sanidad=40% | imp_soberania=60% | imp_total=70% | imp_turismo=40% | imp_vivienda=40% | imp_diversidad=70% | imp_igualdad=40% | imp_salud_mental=70% | pib_dependencia=50% | pib_direccion=30% | pib_discapacidad=50% | pib_educacion=40% | pib_empleo=30% | pib_idi=30% | pib_sanidad=40% | pib_soberania=60% | pib_total=70% | pib_turismo=40% | pib_vivienda=40% | pib_diversidad=70% | pib_igualdad=40% | pib_salud_mental=70% | pc_dependencia=50% | pc_direccion=30% | pc_discapacidad=50% | pc_educacion=40% | pc_empleo=30% | pc_idi=30% | pc_sanidad=40% | pc_soberania=60% | pc_total=70% | pc_turismo=40% | pc_vivienda=40% | pc_diversidad=70% | pc_igualdad=40% | pc_salud_mental=70% | var_dependencia=100% | var_direccion=100% | var_discapacidad=100% | var_educacion=100% | var_empleo=100% | var_idi=100% | var_sanidad=100% | var_soberania=100% | var_total=100% | var_turismo=100% | var_vivienda=100% | var_diversidad=100% | var_igualdad=100% | var_salud_mental=100%
[2026-05-11 17:07:43] [OK     ] Exportados ced_presupuestos.csv/xlsx (10 filas)
[2026-05-11 17:07:43] [DB     ] Usando conexión PostgreSQL
[2026-05-11 17:07:43] [DB     ] Carga en Supabase completada
[2026-05-11 17:07:43] [OK     ] Carga completada
[2026-05-11 17:07:43] [STEP   ] Fin carga
[2026-05-11 17:07:43] [DONE   ] Pipeline completado en 6.91 minutos
EXIT=0
