15:33:04 | INFO     | ============================================================
15:33:04 | INFO     | PIPELINE ETL: HISTORICO ALQUILER CCAA ESPAÑA
15:33:04 | INFO     | Inicio: 2026-04-22T15:33:04.317663
15:33:04 | INFO     | Etapa: extract
15:33:04 | INFO     | ============================================================
15:33:04 | INFO     | ============================================================
15:33:04 | INFO     | ETAPA 1: EXTRACCIÓN
15:33:04 | INFO     | ============================================================
15:33:04 | WARNING  | ProxyManager sin proxies configurados. Se usará IP directa (riesgo de bloqueo).
15:33:04 | INFO     | Filtrado por: Madrid, Murcia, País Vasco → 3 comunidades
15:33:04 | INFO     | Iniciando extracción de 3 comunidades | rotación cada 10 comunidades
15:33:04 | INFO     | === Sesión 1/1 (3 comunidades) ===
15:33:05 | INFO     | Navegador iniciado (nodriver) — viewport 1440x900
15:33:05 | INFO     | [1/3] Procesando: País Vasco
15:33:19 | INFO     | Google search: idealista alquiler Euskadi report
15:33:29 | INFO     | Click en resultado de Idealista sala-de-prensa
15:33:36 | INFO     | Banner de cookies Didomi aceptado
15:33:40 | INFO     | Click en 'Ver datos más antiguos' → /historico/
15:33:48 | INFO     | Tabla de histórico cargada correctamente
15:33:56 | INFO     | Página obtenida: 132,175 chars
15:33:56 | INFO     | Tabla parseada: 243 filas para País Vasco
15:34:00 | INFO     |   -> 243 registros extraídos de País Vasco
15:34:00 | INFO     | [2/3] Procesando: Madrid
15:34:00 | INFO     | Pausa entre comunidades: 7.8s [comunidad #1]
15:34:30 | INFO     | Google search: idealista precio alquiler Comunidad de Madrid informe
15:34:33 | INFO     | Click en resultado de Idealista sala-de-prensa
15:34:45 | INFO     | Ya en página de histórico: https://www.idealista.com/sala-de-prensa/informes-precio-vivienda/alquiler/madrid-comunidad/historico/
15:34:55 | INFO     | Tabla de histórico cargada correctamente
15:35:02 | INFO     | Página obtenida: 135,517 chars
15:35:02 | INFO     | Tabla parseada: 243 filas para Madrid
15:35:06 | INFO     |   -> 243 registros extraídos de Madrid
15:35:06 | INFO     | [3/3] Procesando: Murcia
15:35:06 | INFO     | Pausa entre comunidades: 5.7s [comunidad #2]
15:35:33 | INFO     | Google search: idealista alquiler región de murcia report
15:35:57 | INFO     | Click en resultado de Idealista sala-de-prensa
15:36:12 | INFO     | Click en 'Ver datos más antiguos' → /historico/
15:36:20 | WARNING  | URL slug 'murcia-region' no coincide con variantes esperadas {'murcia-region-de-region-de', 'murcia-region-de', 'murcia-region-de-comunidad'}: https://www.idealista.com/sala-de-prensa/informes-precio-vivienda/alquiler/murcia-region/historico/
15:36:20 | ERROR    | URL final no es a nivel CCAA (contiene sub-región). Abortando para no extraer datos de ciudad/provincia.
15:36:20 | INFO     |   -> Sin datos para Murcia
15:36:20 | INFO     | Navegador cerrado.
15:36:20 | INFO     | Dataset consolidado guardado: /Users/cristiancpv/Desktop/TRABAJO/OBSERVATORIO/CANARIAS EN DATOS/Vivienda/fuentes/scrapings/alquiler_historico_ccaa/data/raw/consolidado_20260422_153620.json
15:36:20 | INFO     | Extracción completada: 486 registros totales | 2 comunidades con datos | 1 sin datos | 0 fallidas
15:36:20 | INFO     | Pipeline completado en 0:03:16.278489
Loop <_UnixSelectorEventLoop running=False closed=True debug=False> that handles pid 32923 is closed
Exception ignored in: <function BaseSubprocessTransport.__del__ at 0x109d08400>
Traceback (most recent call last):
  File "/Users/cristiancpv/.pyenv/versions/3.12.3/lib/python3.12/asyncio/base_subprocess.py", line 126, in __del__
    self.close()
  File "/Users/cristiancpv/.pyenv/versions/3.12.3/lib/python3.12/asyncio/base_subprocess.py", line 104, in close
    proto.pipe.close()
  File "/Users/cristiancpv/.pyenv/versions/3.12.3/lib/python3.12/asyncio/unix_events.py", line 767, in close
    self.write_eof()
  File "/Users/cristiancpv/.pyenv/versions/3.12.3/lib/python3.12/asyncio/unix_events.py", line 753, in write_eof
    self._loop.call_soon(self._call_connection_lost, None)
  File "/Users/cristiancpv/.pyenv/versions/3.12.3/lib/python3.12/asyncio/base_events.py", line 795, in call_soon
    self._check_closed()
  File "/Users/cristiancpv/.pyenv/versions/3.12.3/lib/python3.12/asyncio/base_events.py", line 541, in _check_closed
    raise RuntimeError('Event loop is closed')
RuntimeError: Event loop is closed
