[2026-07-02 14:55:02] [INFO   ] Proyecto: /Users/cristiancpv/Desktop/TRABAJO/OBSERVATORIO/CANARIAS EN DATOS/Presupuestos
[2026-07-02 14:55:02] [INFO   ] Pasos: extraccion -> transformacion -> modelado
[2026-07-02 14:55:02] [INFO   ] with-db=FALSE | projection=FALSE | dry-run=FALSE
[2026-07-02 14:55:02] [STEP   ] Inicio extraccion
[2026-07-02 14:55:02] [INFO   ] Iniciando extracción
[2026-07-02 14:55:02] [CACHE  ] Reutilizado raw local consulta_web.html
[2026-07-02 14:55:02] [INFO   ] Parseando capa Hacienda desde SGCIEF_2015_and.xlsx (anio=2015)
[2026-07-02 14:55:03] [INFO   ] Parseando capa Hacienda desde SGCIEF_2015_ara.xlsx (anio=2015)
[2026-07-02 14:55:04] [INFO   ] Parseando capa Hacienda desde SGCIEF_2015_ast.xlsx (anio=2015)
[2026-07-02 14:55:04] [INFO   ] Parseando capa Hacienda desde SGCIEF_2015_bal.xlsx (anio=2015)
[2026-07-02 14:55:05] [INFO   ] Parseando capa Hacienda desde SGCIEF_2015_can.xlsx (anio=2015)
[2026-07-02 14:55:05] [INFO   ] Parseando capa Hacienda desde SGCIEF_2015_cat.xlsx (anio=2015)
[2026-07-02 14:55:05] [INFO   ] Parseando capa Hacienda desde SGCIEF_2015_clm.xlsx (anio=2015)
[2026-07-02 14:55:06] [INFO   ] Parseando capa Hacienda desde SGCIEF_2015_cnt.xlsx (anio=2015)
[2026-07-02 14:55:06] [INFO   ] Parseando capa Hacienda desde SGCIEF_2015_cym.xlsx (anio=2015)
[2026-07-02 14:55:07] [INFO   ] Parseando capa Hacienda desde SGCIEF_2015_ext.xlsx (anio=2015)
[2026-07-02 14:55:07] [INFO   ] Parseando capa Hacienda desde SGCIEF_2015_gal.xlsx (anio=2015)
[2026-07-02 14:55:07] [INFO   ] Parseando capa Hacienda desde SGCIEF_2015_lar.xlsx (anio=2015)
[2026-07-02 14:55:08] [INFO   ] Parseando capa Hacienda desde SGCIEF_2015_mad.xlsx (anio=2015)
[2026-07-02 14:55:08] [INFO   ] Parseando capa Hacienda desde SGCIEF_2015_mur.xlsx (anio=2015)
[2026-07-02 14:55:09] [INFO   ] Parseando capa Hacienda desde SGCIEF_2015_nav.xlsx (anio=2015)
[2026-07-02 14:55:09] [INFO   ] Parseando capa Hacienda desde SGCIEF_2015_pvc.xlsx (anio=2015)
[2026-07-02 14:55:10] [INFO   ] Parseando capa Hacienda desde SGCIEF_2015_val.xlsx (anio=2015)
[2026-07-02 14:55:10] [INFO   ] Parseando capa Hacienda desde SGCIEF_2016_and.xlsx (anio=2016)
[2026-07-02 14:55:10] [INFO   ] Parseando capa Hacienda desde SGCIEF_2016_ara.xlsx (anio=2016)
[2026-07-02 14:55:11] [INFO   ] Parseando capa Hacienda desde SGCIEF_2016_ast.xlsx (anio=2016)
[2026-07-02 14:55:11] [INFO   ] Parseando capa Hacienda desde SGCIEF_2016_bal.xlsx (anio=2016)
[2026-07-02 14:55:12] [INFO   ] Parseando capa Hacienda desde SGCIEF_2016_can.xlsx (anio=2016)
[2026-07-02 14:55:12] [INFO   ] Parseando capa Hacienda desde SGCIEF_2016_cat.xlsx (anio=2016)
[2026-07-02 14:55:13] [INFO   ] Parseando capa Hacienda desde SGCIEF_2016_clm.xlsx (anio=2016)
[2026-07-02 14:55:13] [INFO   ] Parseando capa Hacienda desde SGCIEF_2016_cnt.xlsx (anio=2016)
[2026-07-02 14:55:13] [INFO   ] Parseando capa Hacienda desde SGCIEF_2016_cym.xlsx (anio=2016)
[2026-07-02 14:55:14] [INFO   ] Parseando capa Hacienda desde SGCIEF_2016_ext.xlsx (anio=2016)
[2026-07-02 14:55:14] [INFO   ] Parseando capa Hacienda desde SGCIEF_2016_gal.xlsx (anio=2016)
[2026-07-02 14:55:15] [INFO   ] Parseando capa Hacienda desde SGCIEF_2016_lar.xlsx (anio=2016)
[2026-07-02 14:55:15] [INFO   ] Parseando capa Hacienda desde SGCIEF_2016_mad.xlsx (anio=2016)
[2026-07-02 14:55:15] [INFO   ] Parseando capa Hacienda desde SGCIEF_2016_mur.xlsx (anio=2016)
[2026-07-02 14:55:16] [INFO   ] Parseando capa Hacienda desde SGCIEF_2016_nav.xlsx (anio=2016)
[2026-07-02 14:55:16] [INFO   ] Parseando capa Hacienda desde SGCIEF_2016_pvc.xlsx (anio=2016)
[2026-07-02 14:55:17] [INFO   ] Parseando capa Hacienda desde SGCIEF_2016_val.xlsx (anio=2016)
[2026-07-02 14:55:17] [INFO   ] Parseando capa Hacienda desde SGCIEF_2017_and.xlsx (anio=2017)
[2026-07-02 14:55:18] [INFO   ] Parseando capa Hacienda desde SGCIEF_2017_ara.xlsx (anio=2017)
[2026-07-02 14:55:18] [INFO   ] Parseando capa Hacienda desde SGCIEF_2017_ast.xlsx (anio=2017)
[2026-07-02 14:55:18] [INFO   ] Parseando capa Hacienda desde SGCIEF_2017_bal.xlsx (anio=2017)
[2026-07-02 14:55:19] [INFO   ] Parseando capa Hacienda desde SGCIEF_2017_can.xlsx (anio=2017)
[2026-07-02 14:55:19] [INFO   ] Parseando capa Hacienda desde SGCIEF_2017_cat.xlsx (anio=2017)
[2026-07-02 14:55:20] [INFO   ] Parseando capa Hacienda desde SGCIEF_2017_clm.xlsx (anio=2017)
[2026-07-02 14:55:20] [INFO   ] Parseando capa Hacienda desde SGCIEF_2017_cnt.xlsx (anio=2017)
[2026-07-02 14:55:21] [INFO   ] Parseando capa Hacienda desde SGCIEF_2017_cym.xlsx (anio=2017)
[2026-07-02 14:55:21] [INFO   ] Parseando capa Hacienda desde SGCIEF_2017_ext.xlsx (anio=2017)
[2026-07-02 14:55:21] [INFO   ] Parseando capa Hacienda desde SGCIEF_2017_gal.xlsx (anio=2017)
[2026-07-02 14:55:22] [INFO   ] Parseando capa Hacienda desde SGCIEF_2017_lar.xlsx (anio=2017)
[2026-07-02 14:55:22] [INFO   ] Parseando capa Hacienda desde SGCIEF_2017_mad.xlsx (anio=2017)
[2026-07-02 14:55:23] [INFO   ] Parseando capa Hacienda desde SGCIEF_2017_mur.xlsx (anio=2017)
[2026-07-02 14:55:23] [INFO   ] Parseando capa Hacienda desde SGCIEF_2017_nav.xlsx (anio=2017)
[2026-07-02 14:55:24] [INFO   ] Parseando capa Hacienda desde SGCIEF_2017_pvc.xlsx (anio=2017)
[2026-07-02 14:55:24] [INFO   ] Parseando capa Hacienda desde SGCIEF_2017_val.xlsx (anio=2017)
[2026-07-02 14:55:25] [INFO   ] Parseando capa Hacienda desde SGCIEF_2018_and.xlsx (anio=2018)
[2026-07-02 14:55:25] [INFO   ] Parseando capa Hacienda desde SGCIEF_2018_ara.xlsx (anio=2018)
[2026-07-02 14:55:26] [INFO   ] Parseando capa Hacienda desde SGCIEF_2018_ast.xlsx (anio=2018)
[2026-07-02 14:55:26] [INFO   ] Parseando capa Hacienda desde SGCIEF_2018_bal.xlsx (anio=2018)
[2026-07-02 14:55:27] [INFO   ] Parseando capa Hacienda desde SGCIEF_2018_can.xlsx (anio=2018)
[2026-07-02 14:55:27] [INFO   ] Parseando capa Hacienda desde SGCIEF_2018_cat.xlsx (anio=2018)
[2026-07-02 14:55:28] [INFO   ] Parseando capa Hacienda desde SGCIEF_2018_clm.xlsx (anio=2018)
[2026-07-02 14:55:28] [INFO   ] Parseando capa Hacienda desde SGCIEF_2018_cnt.xlsx (anio=2018)
[2026-07-02 14:55:28] [INFO   ] Parseando capa Hacienda desde SGCIEF_2018_cym.xlsx (anio=2018)
[2026-07-02 14:55:29] [INFO   ] Parseando capa Hacienda desde SGCIEF_2018_ext.xlsx (anio=2018)
[2026-07-02 14:55:29] [INFO   ] Parseando capa Hacienda desde SGCIEF_2018_gal.xlsx (anio=2018)
[2026-07-02 14:55:30] [INFO   ] Parseando capa Hacienda desde SGCIEF_2018_lar.xlsx (anio=2018)
[2026-07-02 14:55:30] [INFO   ] Parseando capa Hacienda desde SGCIEF_2018_mad.xlsx (anio=2018)
[2026-07-02 14:55:30] [INFO   ] Parseando capa Hacienda desde SGCIEF_2018_mur.xlsx (anio=2018)
[2026-07-02 14:55:31] [INFO   ] Parseando capa Hacienda desde SGCIEF_2018_nav.xlsx (anio=2018)
[2026-07-02 14:55:31] [INFO   ] Parseando capa Hacienda desde SGCIEF_2018_pvc.xlsx (anio=2018)
[2026-07-02 14:55:31] [INFO   ] Parseando capa Hacienda desde SGCIEF_2018_val.xlsx (anio=2018)
[2026-07-02 14:55:32] [INFO   ] Parseando capa Hacienda desde SGCIEF_2019_and.xlsx (anio=2019)
[2026-07-02 14:55:32] [INFO   ] Parseando capa Hacienda desde SGCIEF_2019_ara.xlsx (anio=2019)
[2026-07-02 14:55:33] [INFO   ] Parseando capa Hacienda desde SGCIEF_2019_ast.xlsx (anio=2019)
[2026-07-02 14:55:33] [INFO   ] Parseando capa Hacienda desde SGCIEF_2019_bal.xlsx (anio=2019)
[2026-07-02 14:55:34] [INFO   ] Parseando capa Hacienda desde SGCIEF_2019_can.xlsx (anio=2019)
[2026-07-02 14:55:34] [INFO   ] Parseando capa Hacienda desde SGCIEF_2019_cat.xlsx (anio=2019)
[2026-07-02 14:55:34] [INFO   ] Parseando capa Hacienda desde SGCIEF_2019_clm.xlsx (anio=2019)
[2026-07-02 14:55:35] [INFO   ] Parseando capa Hacienda desde SGCIEF_2019_cnt.xlsx (anio=2019)
[2026-07-02 14:55:35] [INFO   ] Parseando capa Hacienda desde SGCIEF_2019_cym.xlsx (anio=2019)
[2026-07-02 14:55:36] [INFO   ] Parseando capa Hacienda desde SGCIEF_2019_ext.xlsx (anio=2019)
[2026-07-02 14:55:36] [INFO   ] Parseando capa Hacienda desde SGCIEF_2019_gal.xlsx (anio=2019)
[2026-07-02 14:55:36] [INFO   ] Parseando capa Hacienda desde SGCIEF_2019_lar.xlsx (anio=2019)
[2026-07-02 14:55:37] [INFO   ] Parseando capa Hacienda desde SGCIEF_2019_mad.xlsx (anio=2019)
[2026-07-02 14:55:37] [INFO   ] Parseando capa Hacienda desde SGCIEF_2019_mur.xlsx (anio=2019)
[2026-07-02 14:55:38] [INFO   ] Parseando capa Hacienda desde SGCIEF_2019_nav.xlsx (anio=2019)
[2026-07-02 14:55:38] [INFO   ] Parseando capa Hacienda desde SGCIEF_2019_pvc.xlsx (anio=2019)
[2026-07-02 14:55:38] [INFO   ] Parseando capa Hacienda desde SGCIEF_2019_val.xlsx (anio=2019)
[2026-07-02 14:55:39] [INFO   ] Parseando capa Hacienda desde SGCIEF_2020_and.xlsx (anio=2020)
[2026-07-02 14:55:39] [INFO   ] Parseando capa Hacienda desde SGCIEF_2020_ara.xlsx (anio=2020)
[2026-07-02 14:55:40] [INFO   ] Parseando capa Hacienda desde SGCIEF_2020_ast.xlsx (anio=2020)
[2026-07-02 14:55:40] [INFO   ] Parseando capa Hacienda desde SGCIEF_2020_bal.xlsx (anio=2020)
[2026-07-02 14:55:41] [INFO   ] Parseando capa Hacienda desde SGCIEF_2020_can.xlsx (anio=2020)
[2026-07-02 14:55:41] [INFO   ] Parseando capa Hacienda desde SGCIEF_2020_cat.xlsx (anio=2020)
[2026-07-02 14:55:41] [INFO   ] Parseando capa Hacienda desde SGCIEF_2020_clm.xlsx (anio=2020)
[2026-07-02 14:55:42] [INFO   ] Parseando capa Hacienda desde SGCIEF_2020_cnt.xlsx (anio=2020)
[2026-07-02 14:55:42] [INFO   ] Parseando capa Hacienda desde SGCIEF_2020_cym.xlsx (anio=2020)
[2026-07-02 14:55:43] [INFO   ] Parseando capa Hacienda desde SGCIEF_2020_ext.xlsx (anio=2020)
[2026-07-02 14:55:43] [INFO   ] Parseando capa Hacienda desde SGCIEF_2020_gal.xlsx (anio=2020)
[2026-07-02 14:55:44] [INFO   ] Parseando capa Hacienda desde SGCIEF_2020_lar.xlsx (anio=2020)
[2026-07-02 14:55:44] [INFO   ] Parseando capa Hacienda desde SGCIEF_2020_mad.xlsx (anio=2020)
[2026-07-02 14:55:45] [INFO   ] Parseando capa Hacienda desde SGCIEF_2020_mur.xlsx (anio=2020)
[2026-07-02 14:55:45] [INFO   ] Parseando capa Hacienda desde SGCIEF_2020_nav.xlsx (anio=2020)
[2026-07-02 14:55:45] [INFO   ] Parseando capa Hacienda desde SGCIEF_2020_pvc.xlsx (anio=2020)
[2026-07-02 14:55:46] [INFO   ] Parseando capa Hacienda desde SGCIEF_2020_val.xlsx (anio=2020)
[2026-07-02 14:55:46] [INFO   ] Parseando capa Hacienda desde SGCIEF_2021_and.xlsx (anio=2021)
[2026-07-02 14:55:47] [INFO   ] Parseando capa Hacienda desde SGCIEF_2021_ara.xlsx (anio=2021)
[2026-07-02 14:55:47] [INFO   ] Parseando capa Hacienda desde SGCIEF_2021_ast.xlsx (anio=2021)
[2026-07-02 14:55:47] [INFO   ] Parseando capa Hacienda desde SGCIEF_2021_bal.xlsx (anio=2021)
[2026-07-02 14:55:48] [INFO   ] Parseando capa Hacienda desde SGCIEF_2021_can.xlsx (anio=2021)
[2026-07-02 14:55:48] [INFO   ] Parseando capa Hacienda desde SGCIEF_2021_cat.xlsx (anio=2021)
[2026-07-02 14:55:49] [INFO   ] Parseando capa Hacienda desde SGCIEF_2021_clm.xlsx (anio=2021)
[2026-07-02 14:55:49] [INFO   ] Parseando capa Hacienda desde SGCIEF_2021_cnt.xlsx (anio=2021)
[2026-07-02 14:55:49] [INFO   ] Parseando capa Hacienda desde SGCIEF_2021_cym.xlsx (anio=2021)
[2026-07-02 14:55:50] [INFO   ] Parseando capa Hacienda desde SGCIEF_2021_ext.xlsx (anio=2021)
[2026-07-02 14:55:50] [INFO   ] Parseando capa Hacienda desde SGCIEF_2021_gal.xlsx (anio=2021)
[2026-07-02 14:55:51] [INFO   ] Parseando capa Hacienda desde SGCIEF_2021_lar.xlsx (anio=2021)
[2026-07-02 14:55:51] [INFO   ] Parseando capa Hacienda desde SGCIEF_2021_mad.xlsx (anio=2021)
[2026-07-02 14:55:51] [INFO   ] Parseando capa Hacienda desde SGCIEF_2021_mur.xlsx (anio=2021)
[2026-07-02 14:55:52] [INFO   ] Parseando capa Hacienda desde SGCIEF_2021_nav.xlsx (anio=2021)
[2026-07-02 14:55:52] [INFO   ] Parseando capa Hacienda desde SGCIEF_2021_pvc.xlsx (anio=2021)
[2026-07-02 14:55:53] [INFO   ] Parseando capa Hacienda desde SGCIEF_2021_val.xlsx (anio=2021)
[2026-07-02 14:55:53] [INFO   ] Parseando capa Hacienda desde SGCIEF_2022_and.xlsx (anio=2022)
[2026-07-02 14:55:53] [INFO   ] Parseando capa Hacienda desde SGCIEF_2022_ara.xlsx (anio=2022)
[2026-07-02 14:55:54] [INFO   ] Parseando capa Hacienda desde SGCIEF_2022_ast.xlsx (anio=2022)
[2026-07-02 14:55:54] [INFO   ] Parseando capa Hacienda desde SGCIEF_2022_bal.xlsx (anio=2022)
[2026-07-02 14:55:55] [INFO   ] Parseando capa Hacienda desde SGCIEF_2022_can.xlsx (anio=2022)
[2026-07-02 14:55:55] [INFO   ] Parseando capa Hacienda desde SGCIEF_2022_cat.xlsx (anio=2022)
[2026-07-02 14:55:55] [INFO   ] Parseando capa Hacienda desde SGCIEF_2022_clm.xlsx (anio=2022)
[2026-07-02 14:55:56] [INFO   ] Parseando capa Hacienda desde SGCIEF_2022_cnt.xlsx (anio=2022)
[2026-07-02 14:55:56] [INFO   ] Parseando capa Hacienda desde SGCIEF_2022_cym.xlsx (anio=2022)
[2026-07-02 14:55:57] [INFO   ] Parseando capa Hacienda desde SGCIEF_2022_ext.xlsx (anio=2022)
[2026-07-02 14:55:57] [INFO   ] Parseando capa Hacienda desde SGCIEF_2022_gal.xlsx (anio=2022)
[2026-07-02 14:55:57] [INFO   ] Parseando capa Hacienda desde SGCIEF_2022_lar.xlsx (anio=2022)
[2026-07-02 14:55:58] [INFO   ] Parseando capa Hacienda desde SGCIEF_2022_mad.xlsx (anio=2022)
[2026-07-02 14:55:58] [INFO   ] Parseando capa Hacienda desde SGCIEF_2022_mur.xlsx (anio=2022)
[2026-07-02 14:55:59] [INFO   ] Parseando capa Hacienda desde SGCIEF_2022_nav.xlsx (anio=2022)
[2026-07-02 14:55:59] [INFO   ] Parseando capa Hacienda desde SGCIEF_2022_pvc.xlsx (anio=2022)
[2026-07-02 14:55:59] [INFO   ] Parseando capa Hacienda desde SGCIEF_2022_val.xlsx (anio=2022)
[2026-07-02 14:56:00] [INFO   ] Parseando capa Hacienda desde SGCIEF_2023_and.xlsx (anio=2023)
[2026-07-02 14:56:00] [INFO   ] Parseando capa Hacienda desde SGCIEF_2023_ara.xlsx (anio=2023)
[2026-07-02 14:56:01] [INFO   ] Parseando capa Hacienda desde SGCIEF_2023_ast.xlsx (anio=2023)
[2026-07-02 14:56:01] [INFO   ] Parseando capa Hacienda desde SGCIEF_2023_bal.xlsx (anio=2023)
[2026-07-02 14:56:01] [INFO   ] Parseando capa Hacienda desde SGCIEF_2023_can.xlsx (anio=2023)
[2026-07-02 14:56:02] [INFO   ] Parseando capa Hacienda desde SGCIEF_2023_cat.xlsx (anio=2023)
[2026-07-02 14:56:02] [INFO   ] Parseando capa Hacienda desde SGCIEF_2023_clm.xlsx (anio=2023)
[2026-07-02 14:56:03] [INFO   ] Parseando capa Hacienda desde SGCIEF_2023_cnt.xlsx (anio=2023)
[2026-07-02 14:56:03] [INFO   ] Parseando capa Hacienda desde SGCIEF_2023_cym.xlsx (anio=2023)
[2026-07-02 14:56:03] [INFO   ] Parseando capa Hacienda desde SGCIEF_2023_ext.xlsx (anio=2023)
[2026-07-02 14:56:04] [INFO   ] Parseando capa Hacienda desde SGCIEF_2023_gal.xlsx (anio=2023)
[2026-07-02 14:56:04] [INFO   ] Parseando capa Hacienda desde SGCIEF_2023_lar.xlsx (anio=2023)
[2026-07-02 14:56:05] [INFO   ] Parseando capa Hacienda desde SGCIEF_2023_mad.xlsx (anio=2023)
[2026-07-02 14:56:05] [INFO   ] Parseando capa Hacienda desde SGCIEF_2023_mur.xlsx (anio=2023)
[2026-07-02 14:56:05] [INFO   ] Parseando capa Hacienda desde SGCIEF_2023_nav.xlsx (anio=2023)
[2026-07-02 14:56:06] [INFO   ] Parseando capa Hacienda desde SGCIEF_2023_pvc.xlsx (anio=2023)
[2026-07-02 14:56:06] [INFO   ] Parseando capa Hacienda desde SGCIEF_2023_val.xlsx (anio=2023)
[2026-07-02 14:56:07] [INFO   ] Parseando capa Hacienda desde SGCIEF_2024_and.xlsx (anio=2024)
[2026-07-02 14:56:07] [INFO   ] Parseando capa Hacienda desde SGCIEF_2024_ara.xlsx (anio=2024)
[2026-07-02 14:56:08] [INFO   ] Parseando capa Hacienda desde SGCIEF_2024_ast.xlsx (anio=2024)
[2026-07-02 14:56:08] [INFO   ] Parseando capa Hacienda desde SGCIEF_2024_bal.xlsx (anio=2024)
[2026-07-02 14:56:08] [INFO   ] Parseando capa Hacienda desde SGCIEF_2024_can.xlsx (anio=2024)
[2026-07-02 14:56:09] [INFO   ] Parseando capa Hacienda desde SGCIEF_2024_cat.xlsx (anio=2024)
[2026-07-02 14:56:09] [INFO   ] Parseando capa Hacienda desde SGCIEF_2024_clm.xlsx (anio=2024)
[2026-07-02 14:56:10] [INFO   ] Parseando capa Hacienda desde SGCIEF_2024_cnt.xlsx (anio=2024)
[2026-07-02 14:56:10] [INFO   ] Parseando capa Hacienda desde SGCIEF_2024_cym.xlsx (anio=2024)
[2026-07-02 14:56:10] [INFO   ] Parseando capa Hacienda desde SGCIEF_2024_ext.xlsx (anio=2024)
[2026-07-02 14:56:11] [INFO   ] Parseando capa Hacienda desde SGCIEF_2024_gal.xlsx (anio=2024)
[2026-07-02 14:56:11] [INFO   ] Parseando capa Hacienda desde SGCIEF_2024_lar.xlsx (anio=2024)
[2026-07-02 14:56:12] [INFO   ] Parseando capa Hacienda desde SGCIEF_2024_mad.xlsx (anio=2024)
[2026-07-02 14:56:12] [INFO   ] Parseando capa Hacienda desde SGCIEF_2024_mur.xlsx (anio=2024)
[2026-07-02 14:56:13] [INFO   ] Parseando capa Hacienda desde SGCIEF_2024_nav.xlsx (anio=2024)
[2026-07-02 14:56:13] [INFO   ] Parseando capa Hacienda desde SGCIEF_2024_pvc.xlsx (anio=2024)
[2026-07-02 14:56:13] [INFO   ] Parseando capa Hacienda desde SGCIEF_2024_val.xlsx (anio=2024)
[2026-07-02 14:56:14] [INFO   ] Parseando capa Hacienda desde SGCIEF_2024.xlsx (anio=2024)
[2026-07-02 14:56:14] [INFO   ] Parseando capa Hacienda desde SGCIEF_2025_and.xlsx (anio=2025)
[2026-07-02 14:56:15] [INFO   ] Parseando capa Hacienda desde SGCIEF_2025_ara.xlsx (anio=2025)
[2026-07-02 14:56:15] [INFO   ] Parseando capa Hacienda desde SGCIEF_2025_ast.xlsx (anio=2025)
[2026-07-02 14:56:15] [INFO   ] Parseando capa Hacienda desde SGCIEF_2025_bal.xlsx (anio=2025)
[2026-07-02 14:56:16] [INFO   ] Parseando capa Hacienda desde SGCIEF_2025_can.xlsx (anio=2025)
[2026-07-02 14:56:16] [INFO   ] Parseando capa Hacienda desde SGCIEF_2025_cat.xlsx (anio=2025)
[2026-07-02 14:56:17] [INFO   ] Parseando capa Hacienda desde SGCIEF_2025_clm.xlsx (anio=2025)
[2026-07-02 14:56:17] [INFO   ] Parseando capa Hacienda desde SGCIEF_2025_cnt.xlsx (anio=2025)
[2026-07-02 14:56:17] [INFO   ] Parseando capa Hacienda desde SGCIEF_2025_cym.xlsx (anio=2025)
[2026-07-02 14:56:18] [INFO   ] Parseando capa Hacienda desde SGCIEF_2025_ext.xlsx (anio=2025)
[2026-07-02 14:56:18] [INFO   ] Parseando capa Hacienda desde SGCIEF_2025_gal.xlsx (anio=2025)
[2026-07-02 14:56:19] [INFO   ] Parseando capa Hacienda desde SGCIEF_2025_lar.xlsx (anio=2025)
[2026-07-02 14:56:19] [INFO   ] Parseando capa Hacienda desde SGCIEF_2025_mad.xlsx (anio=2025)
[2026-07-02 14:56:19] [INFO   ] Parseando capa Hacienda desde SGCIEF_2025_mur.xlsx (anio=2025)
[2026-07-02 14:56:20] [INFO   ] Parseando capa Hacienda desde SGCIEF_2025_nav.xlsx (anio=2025)
[2026-07-02 14:56:20] [INFO   ] Parseando capa Hacienda desde SGCIEF_2025_pvc.xlsx (anio=2025)
[2026-07-02 14:56:21] [INFO   ] Parseando capa Hacienda desde SGCIEF_2025_val.xlsx (anio=2025)
[2026-07-02 14:56:22] [INFO   ] Capa Hacienda: 1695 filas de 188 ficheros
[2026-07-02 14:56:22] [OK     ] Parseo hacienda/2002-2026/consulta_web filas=1695
[2026-07-02 14:56:22] [CACHE  ] Reutilizado raw local memoria_programas.pdf
[2026-07-02 14:56:22] [OK     ] Parseo and/2026/memoria_programas filas=89
[2026-07-02 14:56:22] [CACHE  ] Reutilizado raw local memoria_programas.pdf
[2026-07-02 14:56:23] [OK     ] Parseo and/2025/memoria_programas filas=89
[2026-07-02 14:56:23] [CACHE  ] Reutilizado raw local memoria_programas.pdf
[2026-07-02 14:56:23] [OK     ] Parseo and/2024/memoria_programas filas=89
[2026-07-02 14:56:23] [CACHE  ] Reutilizado raw local memoria_programas.pdf
[2026-07-02 14:56:23] [OK     ] Parseo and/2023/memoria_programas filas=89
[2026-07-02 14:56:23] [CACHE  ] Reutilizado raw local memoria_programas.pdf
[2026-07-02 14:56:24] [OK     ] Parseo and/2022/memoria_programas filas=97
[2026-07-02 14:56:24] [CACHE  ] Reutilizado raw local estado_iii.pdf
[2026-07-02 14:56:50] [OK     ] Parseo and/2022/estado_iii filas=56
[2026-07-02 14:56:50] [CACHE  ] Reutilizado raw local gastos_csv.csv
[2026-07-02 14:56:50] [OK     ] Parseo and/2021/gastos_csv filas=112
[2026-07-02 14:56:50] [CACHE  ] Reutilizado raw local gastos_csv.csv
[2026-07-02 14:56:50] [OK     ] Parseo and/2020/gastos_csv filas=111
[2026-07-02 14:56:50] [CACHE  ] Reutilizado raw local memoria_programas.pdf
[2026-07-02 14:56:51] [OK     ] Parseo and/2019/memoria_programas filas=103
[2026-07-02 14:56:51] [CACHE  ] Reutilizado raw local memoria_programas.pdf
[2026-07-02 14:56:51] [OK     ] Parseo and/2018/memoria_programas filas=102
[2026-07-02 14:56:51] [CACHE  ] Reutilizado raw local memoria_programas.pdf
[2026-07-02 14:56:52] [OK     ] Parseo and/2017/memoria_programas filas=102
[2026-07-02 14:56:52] [CACHE  ] Reutilizado raw local gastos_csv.csv
[2026-07-02 14:56:52] [OK     ] Parseo and/2016/gastos_csv filas=115
[2026-07-02 14:56:52] [CACHE  ] Reutilizado raw local gastos_csv.csv
[2026-07-02 14:56:52] [OK     ] Parseo and/2015/gastos_csv filas=114
[2026-07-02 14:56:52] [CACHE  ] Reutilizado raw local ingresos_gastos.pdf
[2026-07-02 14:56:53] [OK     ] Parseo ara/2024/ingresos_gastos filas=197
[2026-07-02 14:56:53] [CACHE  ] Reutilizado raw local ingresos_gastos.pdf
[2026-07-02 14:56:53] [OK     ] Parseo ara/2026/ingresos_gastos filas=197
[2026-07-02 14:56:53] [CACHE  ] Reutilizado raw local ingresos_gastos.pdf
[2026-07-02 14:56:54] [OK     ] Parseo ara/2025/ingresos_gastos filas=197
[2026-07-02 14:56:54] [CACHE  ] Reutilizado raw local ingresos_gastos.pdf
[2026-07-02 14:56:54] [OK     ] Parseo ara/2023/ingresos_gastos filas=181
[2026-07-02 14:56:54] [CACHE  ] Reutilizado raw local ingresos_gastos.pdf
[2026-07-02 14:56:54] [OK     ] Parseo ara/2022/ingresos_gastos filas=181
[2026-07-02 14:56:54] [CACHE  ] Reutilizado raw local ingresos_gastos.pdf
[2026-07-02 14:56:55] [OK     ] Parseo ara/2021/ingresos_gastos filas=186
[2026-07-02 14:56:55] [CACHE  ] Reutilizado raw local ingresos_gastos.pdf
[2026-07-02 14:56:55] [OK     ] Parseo ara/2020/ingresos_gastos filas=165
[2026-07-02 14:56:55] [CACHE  ] Reutilizado raw local ingresos_gastos.pdf
[2026-07-02 14:56:55] [OK     ] Parseo ara/2019/ingresos_gastos filas=159
[2026-07-02 14:56:55] [CACHE  ] Reutilizado raw local ingresos_gastos.pdf
[2026-07-02 14:56:56] [OK     ] Parseo ara/2018/ingresos_gastos filas=159
[2026-07-02 14:56:56] [CACHE  ] Reutilizado raw local ingresos_gastos.pdf
[2026-07-02 14:56:56] [OK     ] Parseo ara/2017/ingresos_gastos filas=166
[2026-07-02 14:56:56] [CACHE  ] Reutilizado raw local ingresos_gastos.pdf
[2026-07-02 14:57:25] [OK     ] Parseo ara/2016/ingresos_gastos filas=161
[2026-07-02 14:57:25] [CACHE  ] Reutilizado raw local ingresos_gastos.pdf
[2026-07-02 14:57:25] [OK     ] Parseo ara/2015/ingresos_gastos filas=162
[2026-07-02 14:57:25] [CACHE  ] Reutilizado raw local tomo_I.pdf
[2026-07-02 14:57:26] [OK     ] Parseo ast/2026/tomo_I filas=104
[2026-07-02 14:57:26] [CACHE  ] Reutilizado raw local tomo_I.pdf
[2026-07-02 14:57:26] [OK     ] Parseo ast/2025/tomo_I filas=105
[2026-07-02 14:57:26] [CACHE  ] Reutilizado raw local tomo_I.pdf
[2026-07-02 14:57:27] [OK     ] Parseo ast/2024/tomo_I filas=104
[2026-07-02 14:57:27] [CACHE  ] Reutilizado raw local tomo_I.pdf
[2026-07-02 14:57:28] [OK     ] Parseo ast/2023/tomo_I filas=96
[2026-07-02 14:57:28] [CACHE  ] Reutilizado raw local tomo_I.pdf
[2026-07-02 14:57:28] [OK     ] Parseo ast/2021/tomo_I filas=96
[2026-07-02 14:57:28] [CACHE  ] Reutilizado raw local tomo_I.pdf
[2026-07-02 14:57:39] [OK     ] Parseo ast/2020/tomo_I filas=95
[2026-07-02 14:57:39] [CACHE  ] Reutilizado raw local tomo_I.pdf
[2026-07-02 14:57:50] [OK     ] Parseo ast/2019/tomo_I filas=90
[2026-07-02 14:57:50] [CACHE  ] Reutilizado raw local tomo_I.pdf
[2026-07-02 14:58:00] [OK     ] Parseo ast/2018/tomo_I filas=90
[2026-07-02 14:58:00] [CACHE  ] Reutilizado raw local tomo_I.pdf
[2026-07-02 14:58:10] [OK     ] Parseo ast/2017/tomo_I filas=91
[2026-07-02 14:58:10] [CACHE  ] Reutilizado raw local tomo_I.pdf
[2026-07-02 14:58:21] [OK     ] Parseo ast/2016/tomo_I filas=91
[2026-07-02 14:58:21] [CACHE  ] Reutilizado raw local tomo_I.pdf
[2026-07-02 14:58:21] [OK     ] Parseo ast/2015/tomo_I filas=107
[2026-07-02 14:58:21] [CACHE  ] Reutilizado raw local tomo_I.pdf
[2026-07-02 14:58:34] [OK     ] Parseo ast/2022/tomo_I filas=96
[2026-07-02 14:58:34] [CACHE  ] Reutilizado raw local estats_numerics.pdf
[2026-07-02 14:58:35] [OK     ] Parseo bal/2026/estats_numerics filas=148
[2026-07-02 14:58:35] [CACHE  ] Reutilizado raw local memoria_programas.html
[2026-07-02 14:58:47] [OK     ] Parseo bal/2025/memoria_programas filas=141
[2026-07-02 14:58:47] [CACHE  ] Reutilizado raw local memoria_programas.html
[2026-07-02 14:58:58] [OK     ] Parseo bal/2024/memoria_programas filas=145
[2026-07-02 14:58:58] [CACHE  ] Reutilizado raw local memoria_programas.html
[2026-07-02 14:59:09] [OK     ] Parseo bal/2023/memoria_programas filas=150
[2026-07-02 14:59:09] [CACHE  ] Reutilizado raw local memoria_programas.html
[2026-07-02 14:59:21] [OK     ] Parseo bal/2022/memoria_programas filas=143
[2026-07-02 14:59:21] [CACHE  ] Reutilizado raw local memoria_programas.html
[2026-07-02 14:59:28] [OK     ] Parseo bal/2021/memoria_programas filas=89
[2026-07-02 14:59:28] [CACHE  ] Reutilizado raw local memoria_programas.html
[2026-07-02 14:59:34] [OK     ] Parseo bal/2020/memoria_programas filas=95
[2026-07-02 14:59:34] [CACHE  ] Reutilizado raw local memoria_programas.html
[2026-07-02 14:59:40] [OK     ] Parseo bal/2019/memoria_programas filas=86
[2026-07-02 14:59:40] [CACHE  ] Reutilizado raw local memoria_programas.html
[2026-07-02 14:59:47] [OK     ] Parseo bal/2018/memoria_programas filas=82
[2026-07-02 14:59:47] [CACHE  ] Reutilizado raw local memoria_programas.html
[2026-07-02 15:00:02] [OK     ] Parseo bal/2016/memoria_programas filas=132
[2026-07-02 15:00:02] [CACHE  ] Reutilizado raw local memoria_programas.html
[2026-07-02 15:00:16] [OK     ] Parseo bal/2015/memoria_programas filas=131
[2026-07-02 15:00:16] [CACHE  ] Reutilizado raw local memoria_programas.html
[2026-07-02 15:00:25] [OK     ] Parseo bal/2017/memoria_programas filas=129
[2026-07-02 15:00:25] [CACHE  ] Reutilizado raw local memoria_programas.pdf
[2026-07-02 15:00:30] [OK     ] Parseo can/2022/memoria_programas filas=135
[2026-07-02 15:00:30] [CACHE  ] Reutilizado raw local memoria_programas.pdf
[2026-07-02 15:00:34] [OK     ] Parseo can/2023/memoria_programas filas=135
[2026-07-02 15:00:34] [CACHE  ] Reutilizado raw local memoria_programas.pdf
[2026-07-02 15:00:38] [OK     ] Parseo can/2024/memoria_programas filas=140
[2026-07-02 15:00:38] [CACHE  ] Reutilizado raw local memoria_programas.pdf
[2026-07-02 15:00:43] [OK     ] Parseo can/2026/memoria_programas filas=143
[2026-07-02 15:00:43] [CACHE  ] Reutilizado raw local memoria_programas.pdf
[2026-07-02 15:00:47] [OK     ] Parseo can/2025/memoria_programas filas=141
[2026-07-02 15:00:47] [CACHE  ] Reutilizado raw local datos_abiertos.csv
[2026-07-02 15:00:47] [WARN   ] ccaa.can exit=1 para datos_abiertos.csv
[2026-07-02 15:00:48] [WARN   ] Sin filas tras parseo can/2025/datos_abiertos
[2026-07-02 15:00:48] [CACHE  ] Reutilizado raw local memoria_programas.pdf
[2026-07-02 15:00:51] [OK     ] Parseo can/2018/memoria_programas filas=140
[2026-07-02 15:00:51] [CACHE  ] Reutilizado raw local memoria_programas.pdf
[2026-07-02 15:00:55] [OK     ] Parseo can/2019/memoria_programas filas=142
[2026-07-02 15:00:55] [CACHE  ] Reutilizado raw local memoria_programas.pdf
[2026-07-02 15:01:00] [OK     ] Parseo can/2020/memoria_programas filas=144
[2026-07-02 15:01:00] [CACHE  ] Reutilizado raw local memoria_programas.pdf
[2026-07-02 15:01:05] [OK     ] Parseo can/2021/memoria_programas filas=141
[2026-07-02 15:01:05] [CACHE  ] Reutilizado raw local memoria_programas.pdf
[2026-07-02 15:01:09] [OK     ] Parseo can/2017/memoria_programas filas=141
[2026-07-02 15:01:09] [CACHE  ] Reutilizado raw local memoria_programas.pdf
[2026-07-02 15:01:13] [OK     ] Parseo can/2016/memoria_programas filas=140
[2026-07-02 15:01:13] [CACHE  ] Reutilizado raw local memoria_programas.pdf
[2026-07-02 15:01:16] [OK     ] Parseo can/2015/memoria_programas filas=139
[2026-07-02 15:01:16] [CACHE  ] Reutilizado raw local ingresos_gastos.pdf
[2026-07-02 15:01:52] [OK     ] Parseo cnt/2026/ingresos_gastos filas=91
[2026-07-02 15:01:52] [CACHE  ] Reutilizado raw local ingresos_gastos.pdf
[2026-07-02 15:02:18] [OK     ] Parseo cnt/2025/ingresos_gastos filas=88
[2026-07-02 15:02:18] [CACHE  ] Reutilizado raw local ingresos_gastos.pdf
[2026-07-02 15:02:41] [OK     ] Parseo cnt/2024/ingresos_gastos filas=89
[2026-07-02 15:02:41] [CACHE  ] Reutilizado raw local ingresos_gastos.pdf
[2026-07-02 15:03:03] [OK     ] Parseo cnt/2023/ingresos_gastos filas=91
[2026-07-02 15:03:03] [CACHE  ] Reutilizado raw local ingresos_gastos.pdf
[2026-07-02 15:03:27] [OK     ] Parseo cnt/2022/ingresos_gastos filas=91
[2026-07-02 15:03:27] [CACHE  ] Reutilizado raw local ingresos_gastos.pdf
[2026-07-02 15:03:48] [OK     ] Parseo cnt/2021/ingresos_gastos filas=85
[2026-07-02 15:03:48] [CACHE  ] Reutilizado raw local ingresos_gastos.pdf
[2026-07-02 15:04:08] [OK     ] Parseo cnt/2020/ingresos_gastos filas=85
[2026-07-02 15:04:08] [CACHE  ] Reutilizado raw local ingresos_gastos.pdf
[2026-07-02 15:04:27] [OK     ] Parseo cnt/2019/ingresos_gastos filas=85
[2026-07-02 15:04:27] [CACHE  ] Reutilizado raw local ingresos_gastos.pdf
[2026-07-02 15:04:44] [OK     ] Parseo cnt/2018/ingresos_gastos filas=84
[2026-07-02 15:04:44] [CACHE  ] Reutilizado raw local desarrollo_centros.pdf
[2026-07-02 15:05:17] [OK     ] Parseo cnt/2017/desarrollo_centros filas=84
[2026-07-02 15:05:17] [CACHE  ] Reutilizado raw local desarrollo_centros.pdf
[2026-07-02 15:05:52] [OK     ] Parseo cnt/2016/desarrollo_centros filas=84
[2026-07-02 15:05:52] [CACHE  ] Reutilizado raw local desarrollo_centros.pdf
[2026-07-02 15:06:24] [OK     ] Parseo cnt/2015/desarrollo_centros filas=83
[2026-07-02 15:06:24] [CACHE  ] Reutilizado raw local gastos.bin
[2026-07-02 15:06:24] [WARN   ] ccaa.cym exit=2 para gastos.bin
[2026-07-02 15:06:24] [WARN   ] Sin filas tras parseo cym/2026/gastos
[2026-07-02 15:06:24] [CACHE  ] Reutilizado raw local gastos.bin
[2026-07-02 15:06:24] [WARN   ] ccaa.cym exit=2 para gastos.bin
[2026-07-02 15:06:24] [WARN   ] Sin filas tras parseo cym/2025/gastos
[2026-07-02 15:06:24] [CACHE  ] Reutilizado raw local gastos.xlsx
[2026-07-02 15:06:26] [OK     ] Parseo cym/2024/gastos filas=104
[2026-07-02 15:06:26] [CACHE  ] Reutilizado raw local gastos.xlsx
[2026-07-02 15:06:28] [OK     ] Parseo cym/2023/gastos filas=107
[2026-07-02 15:06:28] [CACHE  ] Reutilizado raw local gastos.csv
[2026-07-02 15:06:28] [OK     ] Parseo cym/2021/gastos filas=104
[2026-07-02 15:06:28] [CACHE  ] Reutilizado raw local gastos.csv
[2026-07-02 15:06:28] [OK     ] Parseo cym/2018/gastos filas=102
[2026-07-02 15:06:28] [CACHE  ] Reutilizado raw local gastos.csv
[2026-07-02 15:06:29] [OK     ] Parseo cym/2017/gastos filas=102
[2026-07-02 15:06:29] [CACHE  ] Reutilizado raw local gastos.csv
[2026-07-02 15:06:29] [OK     ] Parseo cym/2016/gastos filas=103
[2026-07-02 15:06:29] [CACHE  ] Reutilizado raw local tomo_I.pdf
[2026-07-02 15:06:29] [OK     ] Parseo clm/2026/tomo_I filas=113
[2026-07-02 15:06:29] [CACHE  ] Reutilizado raw local tomo_I.pdf
[2026-07-02 15:06:30] [OK     ] Parseo clm/2025/tomo_I filas=113
[2026-07-02 15:06:30] [CACHE  ] Reutilizado raw local tomo_I.pdf
[2026-07-02 15:06:30] [OK     ] Parseo clm/2024/tomo_I filas=114
[2026-07-02 15:06:30] [CACHE  ] Reutilizado raw local tomo_I.pdf
[2026-07-02 15:07:10] [OK     ] Parseo clm/2023/tomo_I filas=114
[2026-07-02 15:07:10] [CACHE  ] Reutilizado raw local tomo_I.pdf
[2026-07-02 15:08:06] [OK     ] Parseo clm/2022/tomo_I filas=111
[2026-07-02 15:08:06] [CACHE  ] Reutilizado raw local gastos_articulo.csv
[2026-07-02 15:08:07] [OK     ] Parseo clm/2021/gastos_articulo filas=101
[2026-07-02 15:08:07] [CACHE  ] Reutilizado raw local gastos_articulo.csv
[2026-07-02 15:08:07] [OK     ] Parseo clm/2020/gastos_articulo filas=100
[2026-07-02 15:08:07] [CACHE  ] Reutilizado raw local gastos_articulo.csv
[2026-07-02 15:08:07] [OK     ] Parseo clm/2019/gastos_articulo filas=99
[2026-07-02 15:08:07] [CACHE  ] Reutilizado raw local gastos_articulo.csv
[2026-07-02 15:08:08] [OK     ] Parseo clm/2018/gastos_articulo filas=98
[2026-07-02 15:08:08] [CACHE  ] Reutilizado raw local gastos_articulo.csv
[2026-07-02 15:08:08] [OK     ] Parseo clm/2017/gastos_articulo filas=98
[2026-07-02 15:08:08] [CACHE  ] Reutilizado raw local gastos_articulo.csv
[2026-07-02 15:08:09] [OK     ] Parseo clm/2016/gastos_articulo filas=99
[2026-07-02 15:08:09] [CACHE  ] Reutilizado raw local gastos_articulo.csv
[2026-07-02 15:08:09] [OK     ] Parseo clm/2015/gastos_articulo filas=99
[2026-07-02 15:08:09] [CACHE  ] Reutilizado raw local vol_p_eid.pdf
[2026-07-02 15:08:09] [OK     ] Parseo cat/2026/vol_p_eid filas=101
[2026-07-02 15:08:09] [CACHE  ] Reutilizado raw local vol_p_eid.pdf
[2026-07-02 15:08:10] [OK     ] Parseo cat/2024/vol_p_eid filas=99
[2026-07-02 15:08:10] [CACHE  ] Reutilizado raw local vol_p_eid.pdf
[2026-07-02 15:08:10] [OK     ] Parseo cat/2023/vol_p_eid filas=99
[2026-07-02 15:08:10] [CACHE  ] Reutilizado raw local vol_p_eid.pdf
[2026-07-02 15:08:10] [OK     ] Parseo cat/2022/vol_p_eid filas=99
[2026-07-02 15:08:10] [CACHE  ] Reutilizado raw local vol_p_eid.pdf
[2026-07-02 15:08:11] [OK     ] Parseo cat/2020/vol_p_eid filas=97
[2026-07-02 15:08:11] [CACHE  ] Reutilizado raw local vol_p_eid.pdf
[2026-07-02 15:08:11] [OK     ] Parseo cat/2016/vol_p_eid filas=94
[2026-07-02 15:08:11] [CACHE  ] Reutilizado raw local vol_p_eid.pdf
[2026-07-02 15:08:12] [OK     ] Parseo cat/2017/vol_p_eid filas=94
[2026-07-02 15:08:12] [CACHE  ] Reutilizado raw local vol_p_eid.pdf
[2026-07-02 15:08:12] [OK     ] Parseo cat/2019/vol_p_eid filas=97
[2026-07-02 15:08:12] [CACHE  ] Reutilizado raw local vol_p_eid.pdf
[2026-07-02 15:08:12] [OK     ] Parseo cat/2015/vol_p_eid filas=96
[2026-07-02 15:08:12] [CACHE  ] Reutilizado raw local ley_doe.pdf
[2026-07-02 15:09:53] [OK     ] Parseo ext/2026/ley_doe filas=79
[2026-07-02 15:09:53] [CACHE  ] Reutilizado raw local ley_doe.pdf
[2026-07-02 15:11:29] [OK     ] Parseo ext/2025/ley_doe filas=79
[2026-07-02 15:11:29] [CACHE  ] Reutilizado raw local ley_doe.pdf
[2026-07-02 15:11:29] [OK     ] Parseo ext/2024/ley_doe filas=79
[2026-07-02 15:11:29] [CACHE  ] Reutilizado raw local ley_doe.pdf
[2026-07-02 15:13:10] [OK     ] Parseo ext/2023/ley_doe filas=81
[2026-07-02 15:13:10] [CACHE  ] Reutilizado raw local ley_doe.pdf
[2026-07-02 15:14:48] [OK     ] Parseo ext/2022/ley_doe filas=79
[2026-07-02 15:14:48] [CACHE  ] Reutilizado raw local ley_doe.pdf
[2026-07-02 15:16:41] [OK     ] Parseo ext/2021/ley_doe filas=80
[2026-07-02 15:16:41] [CACHE  ] Reutilizado raw local ley_doe.pdf
[2026-07-02 15:18:04] [OK     ] Parseo ext/2020/ley_doe filas=80
[2026-07-02 15:18:04] [CACHE  ] Reutilizado raw local ley_doe.pdf
[2026-07-02 15:20:16] [OK     ] Parseo ext/2019/ley_doe filas=77
[2026-07-02 15:20:16] [CACHE  ] Reutilizado raw local ley_doe.pdf
[2026-07-02 15:22:30] [OK     ] Parseo ext/2018/ley_doe filas=77
[2026-07-02 15:22:30] [CACHE  ] Reutilizado raw local ley_doe.pdf
[2026-07-02 15:24:25] [OK     ] Parseo ext/2017/ley_doe filas=77
[2026-07-02 15:24:25] [CACHE  ] Reutilizado raw local ley_doe.pdf
[2026-07-02 15:26:16] [OK     ] Parseo ext/2016/ley_doe filas=77
[2026-07-02 15:26:16] [CACHE  ] Reutilizado raw local ley_doe.pdf
[2026-07-02 15:27:24] [OK     ] Parseo ext/2015/ley_doe filas=78
[2026-07-02 15:27:24] [CACHE  ] Reutilizado raw local gastos_orzamento.csv
[2026-07-02 15:27:24] [OK     ] Parseo gal/2026/gastos_orzamento filas=47
[2026-07-02 15:27:24] [CACHE  ] Reutilizado raw local gastos_orzamento.csv
[2026-07-02 15:27:25] [OK     ] Parseo gal/2025/gastos_orzamento filas=47
[2026-07-02 15:27:25] [CACHE  ] Reutilizado raw local gastos_orzamento.csv
[2026-07-02 15:27:25] [OK     ] Parseo gal/2024/gastos_orzamento filas=43
[2026-07-02 15:27:25] [CACHE  ] Reutilizado raw local gastos_orzamento.csv
[2026-07-02 15:27:25] [OK     ] Parseo gal/2023/gastos_orzamento filas=42
[2026-07-02 15:27:25] [CACHE  ] Reutilizado raw local gastos_orzamento.csv
[2026-07-02 15:27:26] [OK     ] Parseo gal/2022/gastos_orzamento filas=41
[2026-07-02 15:27:26] [CACHE  ] Reutilizado raw local progr.pdf
[2026-07-02 15:28:04] [OK     ] Parseo gal/2021/progr filas=107
[2026-07-02 15:28:04] [CACHE  ] Reutilizado raw local progr.pdf
[2026-07-02 15:28:43] [OK     ] Parseo gal/2020/progr filas=107
[2026-07-02 15:28:43] [CACHE  ] Reutilizado raw local progr.pdf
[2026-07-02 15:29:22] [OK     ] Parseo gal/2019/progr filas=107
[2026-07-02 15:29:22] [CACHE  ] Reutilizado raw local progr.pdf
[2026-07-02 15:30:00] [OK     ] Parseo gal/2018/progr filas=108
[2026-07-02 15:30:00] [CACHE  ] Reutilizado raw local progr.pdf
[2026-07-02 15:31:00] [OK     ] Parseo gal/2017/progr filas=108
[2026-07-02 15:31:00] [CACHE  ] Reutilizado raw local progr.pdf
[2026-07-02 15:31:54] [OK     ] Parseo gal/2016/progr filas=108
[2026-07-02 15:31:54] [CACHE  ] Reutilizado raw local progr.pdf
[2026-07-02 15:32:49] [OK     ] Parseo gal/2015/progr filas=107
[2026-07-02 15:32:49] [CACHE  ] Reutilizado raw local funcional_economico.pdf
[2026-07-02 15:32:52] [OK     ] Parseo lar/2026/funcional_economico filas=60
[2026-07-02 15:32:52] [CACHE  ] Reutilizado raw local funcional_economico.pdf
[2026-07-02 15:33:16] [OK     ] Parseo lar/2025/funcional_economico filas=58
[2026-07-02 15:33:16] [CACHE  ] Reutilizado raw local funcional_economico.pdf
[2026-07-02 15:33:23] [OK     ] Parseo lar/2024/funcional_economico filas=76
[2026-07-02 15:33:23] [CACHE  ] Reutilizado raw local funcional_economico.pdf
[2026-07-02 15:34:08] [WARN   ] ccaa.lar exit=2 para funcional_economico.pdf
[2026-07-02 15:34:08] [WARN   ] Sin filas tras parseo lar/2023/funcional_economico
[2026-07-02 15:34:08] [CACHE  ] Reutilizado raw local funcional_economico.pdf
[2026-07-02 15:34:11] [OK     ] Parseo lar/2022/funcional_economico filas=64
[2026-07-02 15:34:11] [CACHE  ] Reutilizado raw local funcional_economico.pdf
[2026-07-02 15:34:15] [OK     ] Parseo lar/2021/funcional_economico filas=81
[2026-07-02 15:34:15] [CACHE  ] Reutilizado raw local funcional_economico.pdf
[2026-07-02 15:34:17] [OK     ] Parseo lar/2020/funcional_economico filas=76
[2026-07-02 15:34:17] [CACHE  ] Reutilizado raw local funcional_economico.pdf
[2026-07-02 15:34:21] [OK     ] Parseo lar/2019/funcional_economico filas=73
[2026-07-02 15:34:21] [CACHE  ] Reutilizado raw local funcional_economico.pdf
[2026-07-02 15:34:35] [OK     ] Parseo lar/2018/funcional_economico filas=53
[2026-07-02 15:34:35] [CACHE  ] Reutilizado raw local funcional_economico.pdf
[2026-07-02 15:34:37] [OK     ] Parseo lar/2017/funcional_economico filas=74
[2026-07-02 15:34:37] [CACHE  ] Reutilizado raw local funcional_economico.pdf
[2026-07-02 15:34:40] [OK     ] Parseo lar/2016/funcional_economico filas=70
[2026-07-02 15:34:40] [CACHE  ] Reutilizado raw local funcional_economico.pdf
[2026-07-02 15:34:41] [OK     ] Parseo lar/2015/funcional_economico filas=69
[2026-07-02 15:34:41] [CACHE  ] Reutilizado raw local libro_03.pdf
[2026-07-02 15:34:46] [OK     ] Parseo mad/2026/libro_03 filas=88
[2026-07-02 15:34:46] [CACHE  ] Reutilizado raw local libro_03.pdf
[2026-07-02 15:34:51] [OK     ] Parseo mad/2025/libro_03 filas=88
[2026-07-02 15:34:51] [CACHE  ] Reutilizado raw local libro_03.pdf
[2026-07-02 15:34:56] [OK     ] Parseo mad/2024/libro_03 filas=87
[2026-07-02 15:34:56] [CACHE  ] Reutilizado raw local libro_03.pdf
[2026-07-02 15:35:01] [OK     ] Parseo mad/2023/libro_03 filas=89
[2026-07-02 15:35:01] [CACHE  ] Reutilizado raw local libro_03.pdf
[2026-07-02 15:35:06] [OK     ] Parseo mad/2022/libro_03 filas=89
[2026-07-02 15:35:06] [CACHE  ] Reutilizado raw local libro_03.pdf
[2026-07-02 15:35:11] [OK     ] Parseo mad/2021/libro_03 filas=80
[2026-07-02 15:35:11] [CACHE  ] Reutilizado raw local libro_03.pdf
[2026-07-02 15:35:16] [OK     ] Parseo mad/2020/libro_03 filas=80
[2026-07-02 15:35:16] [CACHE  ] Reutilizado raw local libro_03.pdf
[2026-07-02 15:35:21] [OK     ] Parseo mad/2019/libro_03 filas=80
[2026-07-02 15:35:21] [CACHE  ] Reutilizado raw local libro_03.pdf
[2026-07-02 15:35:33] [OK     ] Parseo mad/2018/libro_03 filas=76
[2026-07-02 15:35:33] [CACHE  ] Reutilizado raw local libro_03.pdf
[2026-07-02 15:35:45] [OK     ] Parseo mad/2017/libro_03 filas=73
[2026-07-02 15:35:45] [CACHE  ] Reutilizado raw local libro_03.pdf
[2026-07-02 15:35:56] [OK     ] Parseo mad/2016/libro_03 filas=73
[2026-07-02 15:35:56] [CACHE  ] Reutilizado raw local libro_03.pdf
[2026-07-02 15:36:08] [OK     ] Parseo mad/2015/libro_03 filas=82
[2026-07-02 15:36:08] [CACHE  ] Reutilizado raw local portal_movil.html
[2026-07-02 15:36:08] [WARN   ] ccaa.mur exit=2 para portal_movil.html
[2026-07-02 15:36:08] [WARN   ] Sin filas tras parseo mur/2026/portal_movil
[2026-07-02 15:36:08] [CACHE  ] Reutilizado raw local portal_movil.html
[2026-07-02 15:36:08] [OK     ] Parseo mur/2025/portal_movil filas=149
[2026-07-02 15:36:08] [CACHE  ] Reutilizado raw local portal_movil.html
[2026-07-02 15:36:09] [OK     ] Parseo mur/2024/portal_movil filas=160
[2026-07-02 15:36:09] [CACHE  ] Reutilizado raw local portal_movil.html
[2026-07-02 15:36:09] [OK     ] Parseo mur/2023/portal_movil filas=155
[2026-07-02 15:36:09] [CACHE  ] Reutilizado raw local portal_movil.html
[2026-07-02 15:36:09] [OK     ] Parseo mur/2022/portal_movil filas=154
[2026-07-02 15:36:09] [CACHE  ] Reutilizado raw local portal_movil.html
[2026-07-02 15:36:10] [OK     ] Parseo mur/2021/portal_movil filas=154
[2026-07-02 15:36:10] [CACHE  ] Reutilizado raw local portal_movil.html
[2026-07-02 15:36:10] [OK     ] Parseo mur/2020/portal_movil filas=154
[2026-07-02 15:36:10] [CACHE  ] Reutilizado raw local portal_movil.html
[2026-07-02 15:36:11] [OK     ] Parseo mur/2019/portal_movil filas=149
[2026-07-02 15:36:11] [CACHE  ] Reutilizado raw local portal_movil.html
[2026-07-02 15:36:11] [OK     ] Parseo mur/2018/portal_movil filas=147
[2026-07-02 15:36:11] [CACHE  ] Reutilizado raw local portal_movil.html
[2026-07-02 15:36:12] [OK     ] Parseo mur/2017/portal_movil filas=149
[2026-07-02 15:36:12] [CACHE  ] Reutilizado raw local portal_movil.html
[2026-07-02 15:36:12] [OK     ] Parseo mur/2016/portal_movil filas=145
[2026-07-02 15:36:12] [CACHE  ] Reutilizado raw local ley_completa.pdf
[2026-07-02 15:37:15] [OK     ] Parseo mur/2015/ley_completa filas=150
[2026-07-02 15:37:15] [CACHE  ] Reutilizado raw local programa_csv.csv
[2026-07-02 15:37:16] [OK     ] Parseo nav/2026/programa_csv filas=167
[2026-07-02 15:37:16] [CACHE  ] Reutilizado raw local programa_csv.csv
[2026-07-02 15:37:16] [OK     ] Parseo nav/2025/programa_csv filas=168
[2026-07-02 15:37:16] [CACHE  ] Reutilizado raw local programa_csv.csv
[2026-07-02 15:37:17] [OK     ] Parseo nav/2024/programa_csv filas=167
[2026-07-02 15:37:17] [CACHE  ] Reutilizado raw local programa_csv.csv
[2026-07-02 15:37:17] [OK     ] Parseo nav/2023/programa_csv filas=169
[2026-07-02 15:37:17] [CACHE  ] Reutilizado raw local programa_csv.csv
[2026-07-02 15:37:17] [OK     ] Parseo nav/2022/programa_csv filas=170
[2026-07-02 15:37:17] [CACHE  ] Reutilizado raw local programa_csv.csv
[2026-07-02 15:37:18] [OK     ] Parseo nav/2021/programa_csv filas=170
[2026-07-02 15:37:18] [CACHE  ] Reutilizado raw local programa_csv.csv
[2026-07-02 15:37:18] [OK     ] Parseo nav/2020/programa_csv filas=170
[2026-07-02 15:37:18] [CACHE  ] Reutilizado raw local programa_csv.csv
[2026-07-02 15:37:19] [OK     ] Parseo nav/2019/programa_csv filas=167
[2026-07-02 15:37:19] [CACHE  ] Reutilizado raw local programa_csv.csv
[2026-07-02 15:37:19] [OK     ] Parseo nav/2018/programa_csv filas=172
[2026-07-02 15:37:19] [CACHE  ] Reutilizado raw local programa_csv.csv
[2026-07-02 15:37:19] [OK     ] Parseo nav/2017/programa_csv filas=173
[2026-07-02 15:37:19] [CACHE  ] Reutilizado raw local programa_csv.csv
[2026-07-02 15:37:20] [OK     ] Parseo nav/2016/programa_csv filas=168
[2026-07-02 15:37:20] [CACHE  ] Reutilizado raw local programa_csv.csv
[2026-07-02 15:37:20] [OK     ] Parseo nav/2015/programa_csv filas=167
[2026-07-02 15:37:20] [CACHE  ] Reutilizado raw local csv_tidy.csv
[2026-07-02 15:37:21] [OK     ] Parseo pvc/2025/csv_tidy filas=119
[2026-07-02 15:37:21] [CACHE  ] Reutilizado raw local csv_tidy.csv
[2026-07-02 15:37:21] [OK     ] Parseo pvc/2024/csv_tidy filas=114
[2026-07-02 15:37:21] [CACHE  ] Reutilizado raw local csv_tidy.csv
[2026-07-02 15:37:21] [OK     ] Parseo pvc/2022/csv_tidy filas=113
[2026-07-02 15:37:21] [CACHE  ] Reutilizado raw local csv_tidy.csv
[2026-07-02 15:37:22] [OK     ] Parseo pvc/2026/csv_tidy filas=119
[2026-07-02 15:37:22] [CACHE  ] Reutilizado raw local csv_tidy.csv
[2026-07-02 15:37:22] [OK     ] Parseo pvc/2023/csv_tidy filas=113
[2026-07-02 15:37:22] [CACHE  ] Reutilizado raw local GASTOSC.csv
[2026-07-02 15:37:23] [OK     ] Parseo pvc/2021/GASTOSC filas=112
[2026-07-02 15:37:23] [CACHE  ] Reutilizado raw local GASTOSC.csv
[2026-07-02 15:37:23] [OK     ] Parseo pvc/2020/GASTOSC filas=110
[2026-07-02 15:37:23] [CACHE  ] Reutilizado raw local GASTOSC.csv
[2026-07-02 15:37:23] [OK     ] Parseo pvc/2019/GASTOSC filas=110
[2026-07-02 15:37:23] [CACHE  ] Reutilizado raw local GASTOSC.csv
[2026-07-02 15:37:24] [OK     ] Parseo pvc/2018/GASTOSC filas=109
[2026-07-02 15:37:24] [CACHE  ] Reutilizado raw local GASTOSC.csv
[2026-07-02 15:37:24] [OK     ] Parseo pvc/2017/GASTOSC filas=108
[2026-07-02 15:37:24] [CACHE  ] Reutilizado raw local GASTOSC.csv
[2026-07-02 15:37:25] [OK     ] Parseo pvc/2016/GASTOSC filas=106
[2026-07-02 15:37:25] [CACHE  ] Reutilizado raw local GASTOSC.csv
[2026-07-02 15:37:25] [OK     ] Parseo pvc/2015/GASTOSC filas=105
[2026-07-02 15:37:25] [CACHE  ] Reutilizado raw local tomo_II.html
[2026-07-02 15:37:26] [OK     ] Parseo val/2026/tomo_II filas=176
[2026-07-02 15:37:26] [CACHE  ] Reutilizado raw local tomo_II.html
[2026-07-02 15:37:28] [OK     ] Parseo val/2025/tomo_II filas=174
[2026-07-02 15:37:28] [CACHE  ] Reutilizado raw local tomo_II.html
[2026-07-02 15:37:29] [OK     ] Parseo val/2024/tomo_II filas=173
[2026-07-02 15:37:29] [CACHE  ] Reutilizado raw local tomo_II.html
[2026-07-02 15:37:30] [OK     ] Parseo val/2023/tomo_II filas=174
[2026-07-02 15:37:30] [CACHE  ] Reutilizado raw local tomo_II.html
[2026-07-02 15:37:31] [OK     ] Parseo val/2022/tomo_II filas=169
[2026-07-02 15:37:31] [CACHE  ] Reutilizado raw local tomo_II.html
[2026-07-02 15:37:32] [OK     ] Parseo val/2021/tomo_II filas=154
[2026-07-02 15:37:32] [CACHE  ] Reutilizado raw local tomo_II.html
[2026-07-02 15:37:33] [OK     ] Parseo val/2020/tomo_II filas=153
[2026-07-02 15:37:33] [CACHE  ] Reutilizado raw local tomo_II.html
[2026-07-02 15:37:34] [OK     ] Parseo val/2019/tomo_II filas=131
[2026-07-02 15:37:34] [CACHE  ] Reutilizado raw local tomo_II.html
[2026-07-02 15:37:35] [OK     ] Parseo val/2018/tomo_II filas=128
[2026-07-02 15:37:35] [CACHE  ] Reutilizado raw local tomo_II.html
[2026-07-02 15:37:36] [OK     ] Parseo val/2017/tomo_II filas=128
[2026-07-02 15:37:36] [CACHE  ] Reutilizado raw local tomo_II.html
[2026-07-02 15:37:37] [OK     ] Parseo val/2016/tomo_II filas=129
[2026-07-02 15:37:37] [OK     ] Extracción terminada: 199 fuentes, 23563 filas staging
[2026-07-02 15:37:37] [STEP   ] Fin extraccion
[2026-07-02 15:37:37] [STEP   ] Inicio transformacion
[2026-07-02 15:37:37] [INFO   ] Iniciando transformación
[2026-07-02 15:38:25] [INFO   ] Fallback concepto Python (R=NA): 5571 filas rescatadas en 178 CCAA-año
[2026-07-02 15:38:25] [INFO   ] Etiquetadas 1695 filas Hacienda como concepto=total
[2026-07-02 15:38:25] [WARN   ] Concepto Python vs R: 795 discrepancias en 176 CCAA-año
[2026-07-02 15:38:25] [INFO   ] Transformación: asignadas=17482, pendientes=6081, agregadas=2407
[2026-07-02 15:38:25] [WARN   ] Chequeos de magnitud: 70 alertas básicas
[2026-07-02 15:38:25] [INFO   ] gasto_normalizado: filas=2407 | ccaa=17 | periodo=2015-2026
[2026-07-02 15:38:25] [INFO   ] gasto_normalizado: cobertura completa en 2025
[2026-07-02 15:38:25] [WARN   ] gasto_normalizado: faltan CCAA en 2026: Castilla y León, Región de Murcia
[2026-07-02 15:38:25] [STEP   ] Fin transformacion
[2026-07-02 15:38:25] [STEP   ] Inicio modelado
[2026-07-02 15:38:25] [INFO   ] Iniciando modelado
[2026-07-02 15:38:25] [INFO   ] ced_presupuestos modelado: filas=379 | ccaa=17 | periodo=2015-2026
[2026-07-02 15:38:25] [INFO   ] ced_presupuestos modelado: cobertura completa en 2025
[2026-07-02 15:38:25] [WARN   ] ced_presupuestos modelado: faltan CCAA en 2026: Castilla y León, Región de Murcia
[2026-07-02 15:38:25] [INFO   ] ced_presupuestos modelado: NA% por métrica -> imp_dependencia=55.9% | imp_direccion=49.3% | imp_discapacidad=62.8% | imp_diversidad=58.3% | imp_educacion=49.3% | imp_empleo=54.4% | imp_idi=50.4% | imp_igualdad=53.8% | imp_salud_mental=77% | imp_sanidad=49.3% | imp_soberania=52.8% | imp_total=50.7% | imp_turismo=50.7% | imp_vivienda=50.1% | pib_dependencia=67.3% | pib_direccion=62.3% | pib_discapacidad=73.1% | pib_diversidad=68.6% | pib_educacion=62.3% | pib_empleo=65.7% | pib_idi=63.3% | pib_igualdad=65.7% | pib_salud_mental=82.3% | pib_sanidad=62.3% | pib_soberania=64.6% | pib_total=64.1% | pib_turismo=63.6% | pib_vivienda=63.1% | pc_dependencia=89.2% | pc_direccion=87.6% | pc_discapacidad=91.6% | pc_diversidad=89.4% | pc_educacion=87.6% | pc_empleo=87.9% | pc_idi=88.4% | pc_igualdad=88.9% | pc_salud_mental=93.7% | pc_sanidad=87.6% | pc_soberania=88.4% | pc_total=91% | pc_turismo=88.4% | pc_vivienda=87.9% | var_dependencia=59.9% | var_direccion=53.8% | var_discapacidad=66.5% | var_diversidad=62.3% | var_educacion=53.8% | var_empleo=58.8% | var_idi=54.9% | var_igualdad=58.3% | var_salud_mental=79.4% | var_sanidad=53.8% | var_soberania=57% | var_total=55.1% | var_turismo=55.1% | var_vivienda=54.6%
[2026-07-02 15:38:25] [INFO   ] Benford: chi=12.37 p=0.1353 ok=TRUE n=2407
[2026-07-02 15:38:25] [STEP   ] Fin modelado
[2026-07-02 15:38:25] [DONE   ] Pipeline completado en 43.38 minutos
Avisos:
1: In system2(cfg$python_bin, args = c("-m", "ccaa", "--input", shQuote(src),  :
  el comando ejecutado ''python3' -m ccaa --input '/Users/cristiancpv/Desktop/TRABAJO/OBSERVATORIO/CANARIAS EN DATOS/Presupuestos/fuentes/raw/can/2025/datos_abiertos.csv' --output '/Users/cristiancpv/Desktop/TRABAJO/OBSERVATORIO/CANARIAS EN DATOS/Presupuestos/1_extraccion/_pdf_cache/can/2025_datos_abiertos.csv' --ccaa can --anio 2025 2>&1' tiene el estatus 1
2: One or more parsing issues, call `problems()` on your data frame for details,
e.g.:
  dat <- vroom(...)
  problems(dat) 
3: In system2(cfg$python_bin, args = c("-m", "ccaa", "--input", shQuote(src),  :
  el comando ejecutado ''python3' -m ccaa --input '/Users/cristiancpv/Desktop/TRABAJO/OBSERVATORIO/CANARIAS EN DATOS/Presupuestos/fuentes/raw/cym/2026/gastos.bin' --output '/Users/cristiancpv/Desktop/TRABAJO/OBSERVATORIO/CANARIAS EN DATOS/Presupuestos/1_extraccion/_pdf_cache/cym/2026_gastos.csv' --ccaa cym --anio 2026 2>&1' tiene el estatus 2
4: In system2(cfg$python_bin, args = c("-m", "ccaa", "--input", shQuote(src),  :
  el comando ejecutado ''python3' -m ccaa --input '/Users/cristiancpv/Desktop/TRABAJO/OBSERVATORIO/CANARIAS EN DATOS/Presupuestos/fuentes/raw/cym/2025/gastos.bin' --output '/Users/cristiancpv/Desktop/TRABAJO/OBSERVATORIO/CANARIAS EN DATOS/Presupuestos/1_extraccion/_pdf_cache/cym/2025_gastos.csv' --ccaa cym --anio 2025 2>&1' tiene el estatus 2
5: In system2(cfg$python_bin, args = c("-m", "ccaa", "--input", shQuote(src),  :
  el comando ejecutado ''python3' -m ccaa --input '/Users/cristiancpv/Desktop/TRABAJO/OBSERVATORIO/CANARIAS EN DATOS/Presupuestos/fuentes/raw/lar/2023/funcional_economico.pdf' --output '/Users/cristiancpv/Desktop/TRABAJO/OBSERVATORIO/CANARIAS EN DATOS/Presupuestos/1_extraccion/_pdf_cache/lar/2023_funcional_economico.csv' --ccaa lar --anio 2023 2>&1' tiene el estatus 2
6: In system2(cfg$python_bin, args = c("-m", "ccaa", "--input", shQuote(src),  :
  el comando ejecutado ''python3' -m ccaa --input '/Users/cristiancpv/Desktop/TRABAJO/OBSERVATORIO/CANARIAS EN DATOS/Presupuestos/fuentes/raw/mur/2026/portal_movil.html' --output '/Users/cristiancpv/Desktop/TRABAJO/OBSERVATORIO/CANARIAS EN DATOS/Presupuestos/1_extraccion/_pdf_cache/mur/2026_portal_movil.csv' --ccaa mur --anio 2026 2>&1' tiene el estatus 2
